2026-08-14 10:59:07,144 - ERROR - File not found (404): https://pastpapers.co/api/file/caie/A-Level/Physics-9702/2021-March/9702_m21_qp_41.pdf?download=true
2026-08-14 10:59:10,904 - ERROR - File not found (404): https://pastpapers.co/api/file/caie/A-Level/Physics-9702/2021-March/9702_m21_qp_43.pdf?download=true
2026-08-14 10:59:11,963 - ERROR - File not found (404): https://pastpapers.co/api/file/caie/A-Level/Physics-9702/2021-March/9702_m21_qp_51.pdf?download=true
2026-08-14 10:59:15,595 - ERROR - File not found (404): https://pastpapers.co/api/file/caie/A-Level/Physics-9702/2021-March/9702_m21_qp_53.pdf?download=true
2026-08-14 10:59:46,782 - ERROR - File not found (404): https://pastpapers.co/api/file/caie/A-Level/Physics-9702/2022-Feb-March/9702_m22_qp_41.pdf?download=true
2026-08-14 10:59:50,363 - ERROR - File not found (404): https://pastpapers.co/api/file/caie/A-Level/Physics-9702/2022-Feb-March/9702_m22_qp_43.pdf?download=true
2026-08-14 10:59:51,479 - ERROR - File not found (404): https://pastpapers.co/api/file/caie/A-Level/Physics-9702/2022-Feb-March/9702_m22_qp_51.pdf?download=true
2026-08-14 10:59:55,452 - ERROR - File not found (404): https://pastpapers.co/api/file/caie/A-Level/Physics-9702/2022-Feb-March/9702_m22_qp_53.pdf?download=true
2026-08-14 11:00:06,208 - ERROR - File not found (404): https://pastpapers.co/api/file/caie/A-Level/Physics-9702/2022-Feb-March/9702_m22_qp_41.pdf?download=true
2026-08-14 11:00:06,343 - ERROR - File not found (404): https://pastpapers.co/api/file/caie/A-Level/Physics-9702/2022-Feb-March/9702_m22_qp_43.pdf?download=true
2026-08-14 11:00:06,547 - ERROR - File not found (404): https://pastpapers.co/api/file/caie/A-Level/Physics-9702/2022-Feb-March/9702_m22_qp_51.pdf?download=true
2026-08-14 11:00:06,703 - ERROR - File not found (404): https://pastpapers.co/api/file/caie/A-Level/Physics-9702/2022-Feb-March/9702_m22_qp_53.pdf?download=true
2026-08-14 11:00:25,735 - ERROR - File not found (404): https://pastpapers.co/api/file/caie/A-Level/Physics-9702/2023-March/9702_m23_qp_41.pdf?download=true
2026-08-14 11:00:29,540 - ERROR - File not found (404): https://pastpapers.co/api/file/caie/A-Level/Physics-9702/2023-March/9702_m23_qp_43.pdf?download=true
2026-08-14 11:00:30,818 - ERROR - File not found (404): https://pastpapers.co/api/file/caie/A-Level/Physics-9702/2023-March/9702_m23_qp_51.pdf?download=true
2026-08-14 11:00:34,228 - ERROR - File not found (404): https://pastpapers.co/api/file/caie/A-Level/Physics-9702/2023-March/9702_m23_qp_53.pdf?download=true
2026-08-14 11:00:38,587 - ERROR - File not found (404): https://pastpapers.co/api/file/caie/A-Level/Physics-9702/2021-March/9702_m21_qp_41.pdf?download=true
2026-08-14 11:00:38,769 - ERROR - File not found (404): https://pastpapers.co/api/file/caie/A-Level/Physics-9702/2021-March/9702_m21_qp_43.pdf?download=true
2026-08-14 11:00:38,902 - ERROR - File not found (404): https://pastpapers.co/api/file/caie/A-Level/Physics-9702/2021-March/9702_m21_qp_51.pdf?download=true
2026-08-14 11:00:39,048 - ERROR - File not found (404): https://pastpapers.co/api/file/caie/A-Level/Physics-9702/2021-March/9702_m21_qp_53.pdf?download=true
2026-08-14 11:00:39,229 - ERROR - File not found (404): https://pastpapers.co/api/file/caie/A-Level/Physics-9702/2022-Feb-March/9702_m22_qp_41.pdf?download=true
2026-08-14 11:00:39,357 - ERROR - File not found (404): https://pastpapers.co/api/file/caie/A-Level/Physics-9702/2022-Feb-March/9702_m22_qp_43.pdf?download=true
2026-08-14 11:00:39,724 - ERROR - File not found (404): https://pastpapers.co/api/file/caie/A-Level/Physics-9702/2022-Feb-March/9702_m22_qp_51.pdf?download=true
2026-08-14 11:00:39,855 - ERROR - File not found (404): https://pastpapers.co/api/file/caie/A-Level/Physics-9702/2022-Feb-March/9702_m22_qp_53.pdf?download=true
2026-08-14 11:00:39,989 - ERROR - File not found (404): https://pastpapers.co/api/file/caie/A-Level/Physics-9702/2023-March/9702_m23_qp_41.pdf?download=true
2026-08-14 11:00:40,112 - ERROR - File not found (404): https://pastpapers.co/api/file/caie/A-Level/Physics-9702/2023-March/9702_m23_qp_43.pdf?download=true
2026-08-14 11:00:40,278 - ERROR - File not found (404): https://pastpapers.co/api/file/caie/A-Level/Physics-9702/2023-March/9702_m23_qp_51.pdf?download=true
2026-08-14 11:00:40,452 - ERROR - File not found (404): https://pastpapers.co/api/file/caie/A-Level/Physics-9702/2023-March/9702_m23_qp_53.pdf?download=true
2026-08-14 11:01:07,410 - ERROR - File not found (404): https://pastpapers.co/api/file/caie/A-Level/Physics-9702/2024-March/9702_m24_qp_41.pdf?download=true
2026-08-14 11:01:07,410 - ERROR - File not found (404): https://pastpapers.co/api/file/caie/A-Level/Physics-9702/2024-March/9702_m24_qp_41.pdf?download=true
2026-08-14 11:01:11,296 - ERROR - File not found (404): https://pastpapers.co/api/file/caie/A-Level/Physics-9702/2024-March/9702_m24_qp_43.pdf?download=true
2026-08-14 11:01:11,296 - ERROR - File not found (404): https://pastpapers.co/api/file/caie/A-Level/Physics-9702/2024-March/9702_m24_qp_43.pdf?download=true
2026-08-14 11:01:12,566 - ERROR - File not found (404): https://pastpapers.co/api/file/caie/A-Level/Physics-9702/2024-March/9702_m24_qp_51.pdf?download=true
2026-08-14 11:01:12,566 - ERROR - File not found (404): https://pastpapers.co/api/file/caie/A-Level/Physics-9702/2024-March/9702_m24_qp_51.pdf?download=true
2026-08-14 11:01:16,786 - ERROR - File not found (404): https://pastpapers.co/api/file/caie/A-Level/Physics-9702/2024-March/9702_m24_qp_53.pdf?download=true
2026-08-14 11:01:16,786 - ERROR - File not found (404): https://pastpapers.co/api/file/caie/A-Level/Physics-9702/2024-March/9702_m24_qp_53.pdf?download=true
2026-08-14 11:01:39,484 - ERROR - File not found (404): https://pastpapers.co/api/file/caie/A-Level/Physics-9702/2026-Oct-Nov/9702_w26_qp_41.pdf?download=true
2026-08-14 11:01:39,495 - ERROR - File not found (404): https://pastpapers.co/api/file/caie/A-Level/Physics-9702/2026-March/9702_m26_qp_41.pdf?download=true
2026-08-14 11:01:39,722 - ERROR - File not found (404): https://pastpapers.co/api/file/caie/A-Level/Physics-9702/2025-March/9702_m25_qp_41.pdf?download=true
2026-08-14 11:01:40,153 - ERROR - File not found (404): https://pastpapers.co/api/file/caie/A-Level/Physics-9702/2026-May-June/9702_s26_qp_41.pdf?download=true
2026-08-14 11:01:40,712 - ERROR - File not found (404): https://pastpapers.co/api/file/caie/A-Level/Physics-9702/2026-March/9702_m26_qp_42.pdf?download=true
2026-08-14 11:01:41,166 - ERROR - File not found (404): https://pastpapers.co/api/file/caie/A-Level/Physics-9702/2026-Oct-Nov/9702_w26_qp_42.pdf?download=true
2026-08-14 11:01:41,503 - ERROR - Invalid PDF (sanity check failed): https://pastpapers.co/api/file/caie/A-Level/Physics-9702/2024-Oct-Nov/9702_w24_qp_52.pdf?download=true
2026-08-14 11:01:41,973 - ERROR - File not found (404): https://pastpapers.co/api/file/caie/A-Level/Physics-9702/2026-March/9702_m26_qp_43.pdf?download=true
2026-08-14 11:01:42,012 - ERROR - File not found (404): https://pastpapers.co/api/file/caie/A-Level/Physics-9702/2026-May-June/9702_s26_qp_42.pdf?download=true
2026-08-14 11:01:42,036 - ERROR - File not found (404): https://pastpapers.co/api/file/caie/A-Level/Physics-9702/2025-March/9702_m25_qp_43.pdf?download=true
2026-08-14 11:01:42,616 - ERROR - File not found (404): https://pastpapers.co/api/file/caie/A-Level/Physics-9702/2026-Oct-Nov/9702_w26_qp_43.pdf?download=true
2026-08-14 11:01:43,295 - ERROR - File not found (404): https://pastpapers.co/api/file/caie/A-Level/Physics-9702/2026-May-June/9702_s26_qp_43.pdf?download=true
2026-08-14 11:01:43,320 - ERROR - File not found (404): https://pastpapers.co/api/file/caie/A-Level/Physics-9702/2025-March/9702_m25_qp_41.pdf?download=true
2026-08-14 11:01:43,420 - ERROR - File not found (404): https://pastpapers.co/api/file/caie/A-Level/Physics-9702/2026-March/9702_m26_qp_51.pdf?download=true
2026-08-14 11:01:43,522 - ERROR - File not found (404): https://pastpapers.co/api/file/caie/A-Level/Physics-9702/2025-March/9702_m25_qp_43.pdf?download=true
2026-08-14 11:01:43,524 - ERROR - File not found (404): https://pastpapers.co/api/file/caie/A-Level/Physics-9702/2025-March/9702_m25_qp_51.pdf?download=true
2026-08-14 11:01:43,689 - ERROR - File not found (404): https://pastpapers.co/api/file/caie/A-Level/Physics-9702/2025-March/9702_m25_qp_41.pdf?download=true
2026-08-14 11:01:43,707 - ERROR - File not found (404): https://pastpapers.co/api/file/caie/A-Level/Physics-9702/2025-March/9702_m25_qp_51.pdf?download=true
2026-08-14 11:01:43,717 - ERROR - File not found (404): https://pastpapers.co/api/file/caie/A-Level/Physics-9702/2026-Oct-Nov/9702_w26_qp_51.pdf?download=true
2026-08-14 11:01:43,816 - ERROR - File not found (404): https://pastpapers.co/api/file/caie/A-Level/Physics-9702/2025-March/9702_m25_qp_43.pdf?download=true
2026-08-14 11:01:43,956 - ERROR - File not found (404): https://pastpapers.co/api/file/caie/A-Level/Physics-9702/2025-March/9702_m25_qp_51.pdf?download=true
2026-08-14 11:01:44,108 - ERROR - File not found (404): https://pastpapers.co/api/file/caie/A-Level/Physics-9702/2026-March/9702_m26_qp_52.pdf?download=true
2026-08-14 11:01:44,402 - ERROR - File not found (404): https://pastpapers.co/api/file/caie/A-Level/Physics-9702/2026-May-June/9702_s26_qp_51.pdf?download=true
2026-08-14 11:01:44,822 - ERROR - File not found (404): https://pastpapers.co/api/file/caie/A-Level/Physics-9702/2026-Oct-Nov/9702_w26_qp_52.pdf?download=true
2026-08-14 11:01:45,000 - ERROR - File not found (404): https://pastpapers.co/api/file/caie/A-Level/Physics-9702/2026-May-June/9702_s26_qp_52.pdf?download=true
2026-08-14 11:01:45,193 - ERROR - Invalid PDF (sanity check failed): https://pastpapers.co/api/file/caie/A-Level/Physics-9702/2025-March/9702_m25_qp_52.pdf?download=true
2026-08-14 11:01:45,195 - ERROR - File not found (404): https://pastpapers.co/api/file/caie/A-Level/Physics-9702/2026-March/9702_m26_qp_53.pdf?download=true
2026-08-14 11:01:45,582 - ERROR - File not found (404): https://pastpapers.co/api/file/caie/A-Level/Physics-9702/2025-March/9702_m25_qp_53.pdf?download=true
2026-08-14 11:01:45,582 - ERROR - File not found (404): https://pastpapers.co/api/file/caie/A-Level/Physics-9702/2025-March/9702_m25_qp_53.pdf?download=true
2026-08-14 11:01:45,630 - ERROR - File not found (404): https://pastpapers.co/api/file/caie/A-Level/Physics-9702/2026-Oct-Nov/9702_w26_qp_53.pdf?download=true
2026-08-14 11:01:46,066 - ERROR - File not found (404): https://pastpapers.co/api/file/caie/A-Level/Physics-9702/2026-May-June/9702_s26_qp_53.pdf?download=true
2026-08-14 11:01:50,384 - ERROR - File not found (404): https://pastpapers.co/api/file/caie/A-Level/Physics-9702/2026-March/9702_m26_qp_41.pdf?download=true
2026-08-14 11:01:50,522 - ERROR - File not found (404): https://pastpapers.co/api/file/caie/A-Level/Physics-9702/2026-March/9702_m26_qp_42.pdf?download=true
2026-08-14 11:01:50,694 - ERROR - File not found (404): https://pastpapers.co/api/file/caie/A-Level/Physics-9702/2026-March/9702_m26_qp_43.pdf?download=true
2026-08-14 11:01:50,986 - ERROR - File not found (404): https://pastpapers.co/api/file/caie/A-Level/Physics-9702/2026-March/9702_m26_qp_51.pdf?download=true
2026-08-14 11:01:51,235 - ERROR - File not found (404): https://pastpapers.co/api/file/caie/A-Level/Physics-9702/2026-March/9702_m26_qp_52.pdf?download=true
2026-08-14 11:01:51,386 - ERROR - File not found (404): https://pastpapers.co/api/file/caie/A-Level/Physics-9702/2026-March/9702_m26_qp_53.pdf?download=true
2026-08-14 11:01:51,612 - ERROR - File not found (404): https://pastpapers.co/api/file/caie/A-Level/Physics-9702/2026-May-June/9702_s26_qp_41.pdf?download=true
2026-08-14 11:01:51,802 - ERROR - File not found (404): https://pastpapers.co/api/file/caie/A-Level/Physics-9702/2026-May-June/9702_s26_qp_42.pdf?download=true
2026-08-14 11:01:51,972 - ERROR - File not found (404): https://pastpapers.co/api/file/caie/A-Level/Physics-9702/2026-May-June/9702_s26_qp_43.pdf?download=true
2026-08-14 11:01:52,153 - ERROR - File not found (404): https://pastpapers.co/api/file/caie/A-Level/Physics-9702/2026-May-June/9702_s26_qp_51.pdf?download=true
2026-08-14 11:01:52,341 - ERROR - File not found (404): https://pastpapers.co/api/file/caie/A-Level/Physics-9702/2026-May-June/9702_s26_qp_52.pdf?download=true
2026-08-14 11:01:52,561 - ERROR - File not found (404): https://pastpapers.co/api/file/caie/A-Level/Physics-9702/2026-May-June/9702_s26_qp_53.pdf?download=true
2026-08-14 11:01:52,791 - ERROR - File not found (404): https://pastpapers.co/api/file/caie/A-Level/Physics-9702/2026-Oct-Nov/9702_w26_qp_41.pdf?download=true
2026-08-14 11:01:52,993 - ERROR - File not found (404): https://pastpapers.co/api/file/caie/A-Level/Physics-9702/2026-Oct-Nov/9702_w26_qp_42.pdf?download=true
2026-08-14 11:01:53,241 - ERROR - File not found (404): https://pastpapers.co/api/file/caie/A-Level/Physics-9702/2026-Oct-Nov/9702_w26_qp_43.pdf?download=true
2026-08-14 11:01:53,423 - ERROR - File not found (404): https://pastpapers.co/api/file/caie/A-Level/Physics-9702/2026-Oct-Nov/9702_w26_qp_51.pdf?download=true
2026-08-14 11:01:53,626 - ERROR - File not found (404): https://pastpapers.co/api/file/caie/A-Level/Physics-9702/2026-Oct-Nov/9702_w26_qp_52.pdf?download=true
2026-08-14 11:01:53,902 - ERROR - File not found (404): https://pastpapers.co/api/file/caie/A-Level/Physics-9702/2026-Oct-Nov/9702_w26_qp_53.pdf?download=true
